This is not a .php file and should not be filtered out even though it has not changed.